2022-01-05 19:30:19|INFO  |logger_until.py:Line17|===================values testing STEUP started==============================================
2022-01-05 19:30:31|ERROR |logger_until.py:Line20|exceptions must derive from BaseException
Traceback (most recent call last):
  File "/Users/xingyanghan/Desktop/work/ESB/EyeGuide_ESBAutomation/Common/dom_until.py", line 15, in findelement
    WebDriverWait(self.driver, timeout, timeseq).until(
  File "/Library/Frameworks/Python.framework/Versions/3.10/lib/python3.10/site-packages/selenium/webdriver/support/wait.py", line 80, in until
    raise TimeoutException(message, screen, stacktrace)
selenium.common.exceptions.TimeoutException: Message: 


During handling of the above exception, another exception occurred:

Traceback (most recent call last):
  File "/Users/xingyanghan/Desktop/work/ESB/EyeGuide_ESBAutomation/testCase/PivotTable/Properties/test_value.py", line 53, in visit_dashboard
    bussiness_dashboard = BusinessDashboard(driver, url, user, pwd, project_name)
  File "/Users/xingyanghan/Desktop/work/ESB/EyeGuide_ESBAutomation/Components/Business/Dashboard.py", line 9, in __init__
    self.project = BusinessProject(driver, url, username, pwd).visit_project(project_name)
  File "/Users/xingyanghan/Desktop/work/ESB/EyeGuide_ESBAutomation/Components/Business/Project.py", line 12, in __init__
    BusinessLogin(driver, url, username, pwd).login()
  File "/Users/xingyanghan/Desktop/work/ESB/EyeGuide_ESBAutomation/Components/Business/Login.py", line 19, in login
    l.login(self._username, self._pwd)
  File "/Users/xingyanghan/Desktop/work/ESB/EyeGuide_ESBAutomation/Components/Component/Login.py", line 140, in login
    l.username_input(username)
  File "/Users/xingyanghan/Desktop/work/ESB/EyeGuide_ESBAutomation/Components/Component/Login.py", line 30, in username_input
    ele = Login(self._driver).username()
  File "/Users/xingyanghan/Desktop/work/ESB/EyeGuide_ESBAutomation/Components/Component/Login.py", line 26, in username
    ele = self._findele(css, 5, 0.5)
  File "/Users/xingyanghan/Desktop/work/ESB/EyeGuide_ESBAutomation/Common/dom_until.py", line 22, in findelement
    raise (type(e), e)
TypeError: exceptions must derive from BaseException
2022-01-05 19:30:59|INFO  |logger_until.py:Line17|===================values testing STEUP started==============================================
2022-01-05 19:31:08|INFO  |logger_until.py:Line17|login ESB with xingyang.han@essexlg.com
2022-01-05 19:31:11|INFO  |logger_until.py:Line17|Visit project AutomationTest
2022-01-05 19:31:11|INFO  |logger_until.py:Line17|visit dashboard: AutomationDashboard
2022-01-05 19:31:17|INFO  |logger_until.py:Line17|visit dashboard AutomationDashboard
2022-01-05 19:31:17|INFO  |logger_until.py:Line17|click on singleChartBody
2022-01-05 19:31:17|INFO  |logger_until.py:Line17|click on actiontool_edit_click btn
2022-01-05 19:31:19|INFO  |logger_until.py:Line17|click on Values section
2022-01-05 19:31:22|INFO  |logger_until.py:Line17|Starting test TC test_value_gradient_customize
2022-01-05 19:31:22|INFO  |logger_until.py:Line17|click on Values dropdown
2022-01-05 19:31:42|ERROR |logger_until.py:Line20|exceptions must derive from BaseException
Traceback (most recent call last):
  File "/Users/xingyanghan/Desktop/work/ESB/EyeGuide_ESBAutomation/Common/dom_until.py", line 26, in findelements
    WebDriverWait(self.driver, timeout, timeseq).until(
  File "/Library/Frameworks/Python.framework/Versions/3.10/lib/python3.10/site-packages/selenium/webdriver/support/wait.py", line 80, in until
    raise TimeoutException(message, screen, stacktrace)
selenium.common.exceptions.TimeoutException: Message: 


During handling of the above exception, another exception occurred:

Traceback (most recent call last):
  File "/Users/xingyanghan/Desktop/work/ESB/EyeGuide_ESBAutomation/Components/Component/VisibilityLayer/Dashboard/Properties/values.py", line 33, in values_all
    eles = self._findeles(css_all)
  File "/Users/xingyanghan/Desktop/work/ESB/EyeGuide_ESBAutomation/Common/dom_until.py", line 42, in findelements
    raise (type(e), e)
TypeError: exceptions must derive from BaseException
2022-01-05 19:31:42|ERROR |logger_until.py:Line20|exceptions must derive from BaseException
Traceback (most recent call last):
  File "/Users/xingyanghan/Desktop/work/ESB/EyeGuide_ESBAutomation/Common/dom_until.py", line 26, in findelements
    WebDriverWait(self.driver, timeout, timeseq).until(
  File "/Library/Frameworks/Python.framework/Versions/3.10/lib/python3.10/site-packages/selenium/webdriver/support/wait.py", line 80, in until
    raise TimeoutException(message, screen, stacktrace)
selenium.common.exceptions.TimeoutException: Message: 


During handling of the above exception, another exception occurred:

Traceback (most recent call last):
  File "/Users/xingyanghan/Desktop/work/ESB/EyeGuide_ESBAutomation/Components/Component/VisibilityLayer/Dashboard/Properties/values.py", line 33, in values_all
    eles = self._findeles(css_all)
  File "/Users/xingyanghan/Desktop/work/ESB/EyeGuide_ESBAutomation/Common/dom_until.py", line 42, in findelements
    raise (type(e), e)
TypeError: exceptions must derive from BaseException

During handling of the above exception, another exception occurred:

Traceback (most recent call last):
  File "/Users/xingyanghan/Desktop/work/ESB/EyeGuide_ESBAutomation/Components/Component/VisibilityLayer/Dashboard/Properties/values.py", line 278, in values
    eles = self.values_all()
  File "/Users/xingyanghan/Desktop/work/ESB/EyeGuide_ESBAutomation/Components/Component/VisibilityLayer/Dashboard/Properties/values.py", line 36, in values_all
    raise e and self._log.logger_error(e)
TypeError: exceptions must derive from BaseException
2022-01-05 19:32:39|INFO  |logger_until.py:Line17|===================values testing STEUP started==============================================
2022-01-05 19:32:47|INFO  |logger_until.py:Line17|login ESB with xingyang.han@essexlg.com
2022-01-05 19:32:50|INFO  |logger_until.py:Line17|Visit project AutomationTest
2022-01-05 19:32:50|INFO  |logger_until.py:Line17|visit dashboard: AutomationDashboard
2022-01-05 19:32:56|INFO  |logger_until.py:Line17|visit dashboard AutomationDashboard
2022-01-05 19:32:56|INFO  |logger_until.py:Line17|click on singleChartBody
2022-01-05 19:32:56|INFO  |logger_until.py:Line17|click on actiontool_edit_click btn
2022-01-05 19:32:59|INFO  |logger_until.py:Line17|click on Values section
2022-01-05 19:33:01|INFO  |logger_until.py:Line17|Starting test TC test_value_gradient_customize
2022-01-05 19:33:01|INFO  |logger_until.py:Line17|click on Values dropdown
2022-01-05 19:33:10|ERROR |logger_until.py:Line20|exceptions must derive from BaseException
Traceback (most recent call last):
  File "/Users/xingyanghan/Desktop/work/ESB/EyeGuide_ESBAutomation/Common/dom_until.py", line 26, in findelements
    WebDriverWait(self.driver, timeout, timeseq).until(
  File "/Library/Frameworks/Python.framework/Versions/3.10/lib/python3.10/site-packages/selenium/webdriver/support/wait.py", line 71, in until
    value = method(self._driver)
  File "/Library/Frameworks/Python.framework/Versions/3.10/lib/python3.10/site-packages/selenium/webdriver/support/expected_conditions.py", line 161, in __call__
    return _find_elements(driver, self.locator)
  File "/Library/Frameworks/Python.framework/Versions/3.10/lib/python3.10/site-packages/selenium/webdriver/support/expected_conditions.py", line 422, in _find_elements
    raise e
  File "/Library/Frameworks/Python.framework/Versions/3.10/lib/python3.10/site-packages/selenium/webdriver/support/expected_conditions.py", line 420, in _find_elements
    return driver.find_elements(*by)
  File "/Library/Frameworks/Python.framework/Versions/3.10/lib/python3.10/site-packages/selenium/webdriver/remote/webdriver.py", line 1005, in find_elements
    return self.execute(Command.FIND_ELEMENTS, {
  File "/Library/Frameworks/Python.framework/Versions/3.10/lib/python3.10/site-packages/selenium/webdriver/remote/webdriver.py", line 321, in execute
    self.error_handler.check_response(response)
  File "/Library/Frameworks/Python.framework/Versions/3.10/lib/python3.10/site-packages/selenium/webdriver/remote/errorhandler.py", line 242, in check_response
    raise exception_class(message, screen, stacktrace)
selenium.common.exceptions.NoSuchWindowException: Message: no such window: window was already closed
  (Session info: chrome=97.0.4692.71)


During handling of the above exception, another exception occurred:

Traceback (most recent call last):
  File "/Users/xingyanghan/Desktop/work/ESB/EyeGuide_ESBAutomation/Components/Component/VisibilityLayer/Dashboard/Properties/values.py", line 33, in values_all
    eles = self._findeles(css_all)
  File "/Users/xingyanghan/Desktop/work/ESB/EyeGuide_ESBAutomation/Common/dom_until.py", line 42, in findelements
    raise (type(e), e)
TypeError: exceptions must derive from BaseException
2022-01-05 19:33:10|ERROR |logger_until.py:Line20|exceptions must derive from BaseException
Traceback (most recent call last):
  File "/Users/xingyanghan/Desktop/work/ESB/EyeGuide_ESBAutomation/Common/dom_until.py", line 26, in findelements
    WebDriverWait(self.driver, timeout, timeseq).until(
  File "/Library/Frameworks/Python.framework/Versions/3.10/lib/python3.10/site-packages/selenium/webdriver/support/wait.py", line 71, in until
    value = method(self._driver)
  File "/Library/Frameworks/Python.framework/Versions/3.10/lib/python3.10/site-packages/selenium/webdriver/support/expected_conditions.py", line 161, in __call__
    return _find_elements(driver, self.locator)
  File "/Library/Frameworks/Python.framework/Versions/3.10/lib/python3.10/site-packages/selenium/webdriver/support/expected_conditions.py", line 422, in _find_elements
    raise e
  File "/Library/Frameworks/Python.framework/Versions/3.10/lib/python3.10/site-packages/selenium/webdriver/support/expected_conditions.py", line 420, in _find_elements
    return driver.find_elements(*by)
  File "/Library/Frameworks/Python.framework/Versions/3.10/lib/python3.10/site-packages/selenium/webdriver/remote/webdriver.py", line 1005, in find_elements
    return self.execute(Command.FIND_ELEMENTS, {
  File "/Library/Frameworks/Python.framework/Versions/3.10/lib/python3.10/site-packages/selenium/webdriver/remote/webdriver.py", line 321, in execute
    self.error_handler.check_response(response)
  File "/Library/Frameworks/Python.framework/Versions/3.10/lib/python3.10/site-packages/selenium/webdriver/remote/errorhandler.py", line 242, in check_response
    raise exception_class(message, screen, stacktrace)
selenium.common.exceptions.NoSuchWindowException: Message: no such window: window was already closed
  (Session info: chrome=97.0.4692.71)


During handling of the above exception, another exception occurred:

Traceback (most recent call last):
  File "/Users/xingyanghan/Desktop/work/ESB/EyeGuide_ESBAutomation/Components/Component/VisibilityLayer/Dashboard/Properties/values.py", line 33, in values_all
    eles = self._findeles(css_all)
  File "/Users/xingyanghan/Desktop/work/ESB/EyeGuide_ESBAutomation/Common/dom_until.py", line 42, in findelements
    raise (type(e), e)
TypeError: exceptions must derive from BaseException

During handling of the above exception, another exception occurred:

Traceback (most recent call last):
  File "/Users/xingyanghan/Desktop/work/ESB/EyeGuide_ESBAutomation/Components/Component/VisibilityLayer/Dashboard/Properties/values.py", line 278, in values
    eles = self.values_all()
  File "/Users/xingyanghan/Desktop/work/ESB/EyeGuide_ESBAutomation/Components/Component/VisibilityLayer/Dashboard/Properties/values.py", line 36, in values_all
    raise e and self._log.logger_error(e)
TypeError: exceptions must derive from BaseException
2022-01-05 20:16:51|INFO  |logger_until.py:Line17|===================values testing STEUP started==============================================
2022-01-05 20:17:04|INFO  |logger_until.py:Line17|login ESB with xingyang.han@essexlg.com
2022-01-05 20:17:27|INFO  |logger_until.py:Line17|Visit project AutomationTest
2022-01-05 20:17:27|INFO  |logger_until.py:Line17|visit dashboard: AutomationDashboard
2022-01-05 20:17:45|INFO  |logger_until.py:Line17|visit dashboard AutomationDashboard
2022-01-05 20:17:45|INFO  |logger_until.py:Line17|click on singleChartBody
2022-01-05 20:17:46|INFO  |logger_until.py:Line17|click on actiontool_edit_click btn
2022-01-05 20:17:53|INFO  |logger_until.py:Line17|click on Values section
2022-01-05 20:17:55|INFO  |logger_until.py:Line17|Starting test TC test_value_gradient_customize
2022-01-05 20:17:55|INFO  |logger_until.py:Line17|click on Values dropdown
2022-01-05 20:18:15|ERROR |logger_until.py:Line20|exceptions must derive from BaseException
Traceback (most recent call last):
  File "/Users/xingyanghan/Desktop/work/ESB/EyeGuide_ESBAutomation/Common/dom_until.py", line 26, in findelements
    WebDriverWait(self.driver, timeout, timeseq).until(
  File "/Library/Frameworks/Python.framework/Versions/3.10/lib/python3.10/site-packages/selenium/webdriver/support/wait.py", line 80, in until
    raise TimeoutException(message, screen, stacktrace)
selenium.common.exceptions.TimeoutException: Message: 


During handling of the above exception, another exception occurred:

Traceback (most recent call last):
  File "/Users/xingyanghan/Desktop/work/ESB/EyeGuide_ESBAutomation/Components/Component/VisibilityLayer/Dashboard/Properties/values.py", line 33, in values_all
    eles = self._findeles(css_all)
  File "/Users/xingyanghan/Desktop/work/ESB/EyeGuide_ESBAutomation/Common/dom_until.py", line 42, in findelements
    raise (type(e), e)
TypeError: exceptions must derive from BaseException
2022-01-05 20:18:15|ERROR |logger_until.py:Line20|exceptions must derive from BaseException
Traceback (most recent call last):
  File "/Users/xingyanghan/Desktop/work/ESB/EyeGuide_ESBAutomation/Common/dom_until.py", line 26, in findelements
    WebDriverWait(self.driver, timeout, timeseq).until(
  File "/Library/Frameworks/Python.framework/Versions/3.10/lib/python3.10/site-packages/selenium/webdriver/support/wait.py", line 80, in until
    raise TimeoutException(message, screen, stacktrace)
selenium.common.exceptions.TimeoutException: Message: 


During handling of the above exception, another exception occurred:

Traceback (most recent call last):
  File "/Users/xingyanghan/Desktop/work/ESB/EyeGuide_ESBAutomation/Components/Component/VisibilityLayer/Dashboard/Properties/values.py", line 33, in values_all
    eles = self._findeles(css_all)
  File "/Users/xingyanghan/Desktop/work/ESB/EyeGuide_ESBAutomation/Common/dom_until.py", line 42, in findelements
    raise (type(e), e)
TypeError: exceptions must derive from BaseException

During handling of the above exception, another exception occurred:

Traceback (most recent call last):
  File "/Users/xingyanghan/Desktop/work/ESB/EyeGuide_ESBAutomation/Components/Component/VisibilityLayer/Dashboard/Properties/values.py", line 278, in values
    eles = self.values_all()
  File "/Users/xingyanghan/Desktop/work/ESB/EyeGuide_ESBAutomation/Components/Component/VisibilityLayer/Dashboard/Properties/values.py", line 36, in values_all
    raise e and self._log.logger_error(e)
TypeError: exceptions must derive from BaseException
2022-01-05 20:28:54|INFO  |logger_until.py:Line17|===================values testing STEUP started==============================================
2022-01-05 20:29:01|INFO  |logger_until.py:Line17|login ESB with xingyang.han@essexlg.com
2022-01-05 20:29:04|INFO  |logger_until.py:Line17|Visit project AutomationTest
2022-01-05 20:29:04|INFO  |logger_until.py:Line17|visit dashboard: AutomationDashboard
2022-01-05 20:29:11|INFO  |logger_until.py:Line17|visit dashboard AutomationDashboard
2022-01-05 20:29:12|INFO  |logger_until.py:Line17|click on singleChartBody
2022-01-05 20:29:12|INFO  |logger_until.py:Line17|click on actiontool_edit_click btn
2022-01-05 20:29:15|INFO  |logger_until.py:Line17|click on Values section
2022-01-05 20:29:18|INFO  |logger_until.py:Line17|Starting test TC test_valueas_bar_basefunc
2022-01-05 20:29:18|INFO  |logger_until.py:Line17|click on Values dropdown
2022-01-05 20:29:19|INFO  |logger_until.py:Line17|click on options: sales_count(sum)
2022-01-05 20:29:19|DEBUG |logger_until.py:Line23|value options_aria_controls: 19c5b2e6-cedf-4bfd-fdd6-73cd88682097
2022-01-05 20:29:19|DEBUG |logger_until.py:Line23|values options: ['sales_count(sum)', 'target_count(sum)', 'sales_count/ amount(sum)']
2022-01-05 20:29:19|INFO  |logger_until.py:Line17|click on view As drop-down
2022-01-05 20:29:20|INFO  |logger_until.py:Line17|click on the options: Bar
2022-01-05 20:29:20|DEBUG |logger_until.py:Line23|view as options_aria_controls: c5af9e73-d25e-4abb-e580-c71fd472ab4d
2022-01-05 20:29:20|DEBUG |logger_until.py:Line23|values options: ['Bar', 'Indicator', 'Star Rate', 'Color Coding', 'Bullet', 'Value', 'Gradient Color']
2022-01-05 20:29:27|INFO  |logger_until.py:Line17|expected value: bar-viewer, actually_result: bar-viewer
2022-01-05 20:29:27|INFO  |logger_until.py:Line17|testing test_valueas_bar_basefunc is completed and passed
2022-01-05 20:29:30|INFO  |logger_until.py:Line17|click on singleChartBody
2022-01-05 20:29:30|INFO  |logger_until.py:Line17|click on actiontool_edit_click btn
2022-01-05 20:29:31|INFO  |logger_until.py:Line17|click on Values section
2022-01-05 20:29:33|INFO  |logger_until.py:Line17|Starting test TC test_value_colorCoding_values
2022-01-05 20:29:33|INFO  |logger_until.py:Line17|click on Values dropdown
2022-01-05 20:29:35|INFO  |logger_until.py:Line17|click on options: sales_count(sum)
2022-01-05 20:29:35|DEBUG |logger_until.py:Line23|value options_aria_controls: 4ce190ef-9d35-4afc-ad47-fcf45095d7f7
2022-01-05 20:29:35|DEBUG |logger_until.py:Line23|values options: ['sales_count(sum)', 'target_count(sum)', 'sales_count/ amount(sum)']
2022-01-05 20:29:35|INFO  |logger_until.py:Line17|click on view As drop-down
2022-01-05 20:29:36|INFO  |logger_until.py:Line17|click on the options: Color Coding
2022-01-05 20:29:36|DEBUG |logger_until.py:Line23|view as options_aria_controls: 1c06b1bf-245b-45c2-fa61-8bfd7f52891f
2022-01-05 20:29:36|DEBUG |logger_until.py:Line23|values options: ['Bar', 'Indicator', 'Star Rate', 'Color Coding', 'Bullet', 'Value', 'Gradient Color']
2022-01-05 20:29:38|INFO  |logger_until.py:Line17|click on Add New Button
2022-01-05 20:29:39|INFO  |logger_until.py:Line17|Click on background color picker
2022-01-05 20:29:40|INFO  |logger_until.py:Line17|select #8B572A for background color
2022-01-05 20:29:42|INFO  |logger_until.py:Line17|Click on color picker
2022-01-05 20:29:43|INFO  |logger_until.py:Line17|select #F5A623 for background color
2022-01-05 20:29:44|INFO  |logger_until.py:Line17|click on condition dropdown list
2022-01-05 20:29:49|INFO  |logger_until.py:Line17|getting test result
2022-01-05 20:30:01|INFO  |logger_until.py:Line17|click on condition dropdown list
2022-01-05 20:30:02|INFO  |logger_until.py:Line17|select <
2022-01-05 20:30:02|INFO  |logger_until.py:Line17|getting test result
2022-01-05 20:30:16|INFO  |logger_until.py:Line17|click on condition dropdown list
2022-01-05 20:30:17|INFO  |logger_until.py:Line17|select =
2022-01-05 20:30:17|INFO  |logger_until.py:Line17|getting test result
2022-01-05 20:30:30|INFO  |logger_until.py:Line17|click on condition dropdown list
2022-01-05 20:30:31|INFO  |logger_until.py:Line17|select >=
2022-01-05 20:30:32|INFO  |logger_until.py:Line17|getting test result
2022-01-05 20:30:45|INFO  |logger_until.py:Line17|click on condition dropdown list
2022-01-05 20:30:46|INFO  |logger_until.py:Line17|select <=
2022-01-05 20:30:46|INFO  |logger_until.py:Line17|getting test result
2022-01-05 20:30:58|INFO  |logger_until.py:Line17|expected value: [[('', ''), ('', ''), ('', ''), ('rgb(139, 87, 42)', 'rgb(245, 166, 35)'), ('', ''), ('', ''), ('rgb(139, 87, 42)', 'rgb(245, 166, 35)'), ('rgb(139, 87, 42)', 'rgb(245, 166, 35)'), ('', ''), ('', ''), ('', ''), ('', ''), ('', ''), ('', ''), ('rgb(139, 87, 42)', 'rgb(245, 166, 35)'), ('', ''), ('rgb(139, 87, 42)', 'rgb(245, 166, 35)'), ('rgb(139, 87, 42)', 'rgb(245, 166, 35)')], [('rgb(139, 87, 42)', 'rgb(245, 166, 35)'), ('', ''), ('rgb(139, 87, 42)', 'rgb(245, 166, 35)'), ('', ''), ('rgb(139, 87, 42)', 'rgb(245, 166, 35)'), ('rgb(139, 87, 42)', 'rgb(245, 166, 35)'), ('', ''), ('', ''), ('rgb(139, 87, 42)', 'rgb(245, 166, 35)'), ('rgb(139, 87, 42)', 'rgb(245, 166, 35)'), ('', ''), ('rgb(139, 87, 42)', 'rgb(245, 166, 35)'), ('rgb(139, 87, 42)', 'rgb(245, 166, 35)'), ('rgb(139, 87, 42)', 'rgb(245, 166, 35)'), ('', ''), ('', ''), ('', ''), ('', '')], [('', ''), ('rgb(139, 87, 42)', 'rgb(245, 166, 35)'), ('', ''), ('', ''), ('', ''), ('', ''), ('', ''), ('', ''), ('', ''), ('', ''), ('rgb(139, 87, 42)', 'rgb(245, 166, 35)'), ('', ''), ('', ''), ('', ''), ('', ''), ('rgb(139, 87, 42)', 'rgb(245, 166, 35)'), ('', ''), ('', '')], [('', ''), ('rgb(139, 87, 42)', 'rgb(245, 166, 35)'), ('', ''), ('rgb(139, 87, 42)', 'rgb(245, 166, 35)'), ('', ''), ('', ''), ('rgb(139, 87, 42)', 'rgb(245, 166, 35)'), ('rgb(139, 87, 42)', 'rgb(245, 166, 35)'), ('', ''), ('', ''), ('rgb(139, 87, 42)', 'rgb(245, 166, 35)'), ('', ''), ('', ''), ('', ''), ('rgb(139, 87, 42)', 'rgb(245, 166, 35)'), ('rgb(139, 87, 42)', 'rgb(245, 166, 35)'), ('rgb(139, 87, 42)', 'rgb(245, 166, 35)'), ('rgb(139, 87, 42)', 'rgb(245, 166, 35)')], [('rgb(139, 87, 42)', 'rgb(245, 166, 35)'), ('rgb(139, 87, 42)', 'rgb(245, 166, 35)'), ('rgb(139, 87, 42)', 'rgb(245, 166, 35)'), ('', ''), ('rgb(139, 87, 42)', 'rgb(245, 166, 35)'), ('rgb(139, 87, 42)', 'rgb(245, 166, 35)'), ('', ''), ('', ''), ('rgb(139, 87, 42)', 'rgb(245, 166, 35)'), ('rgb(139, 87, 42)', 'rgb(245, 166, 35)'), ('rgb(139, 87, 42)', 'rgb(245, 166, 35)'), ('rgb(139, 87, 42)', 'rgb(245, 166, 35)'), ('rgb(139, 87, 42)', 'rgb(245, 166, 35)'), ('rgb(139, 87, 42)', 'rgb(245, 166, 35)'), ('', ''), ('rgb(139, 87, 42)', 'rgb(245, 166, 35)'), ('', ''), ('', '')]], actually_result: [[('', ''), ('', ''), ('', ''), ('rgb(139, 87, 42)', 'rgb(245, 166, 35)'), ('', ''), ('', ''), ('rgb(139, 87, 42)', 'rgb(245, 166, 35)'), ('rgb(139, 87, 42)', 'rgb(245, 166, 35)'), ('', ''), ('', ''), ('', ''), ('', ''), ('', ''), ('', ''), ('rgb(139, 87, 42)', 'rgb(245, 166, 35)'), ('', ''), ('rgb(139, 87, 42)', 'rgb(245, 166, 35)'), ('rgb(139, 87, 42)', 'rgb(245, 166, 35)')], [('rgb(139, 87, 42)', 'rgb(245, 166, 35)'), ('', ''), ('rgb(139, 87, 42)', 'rgb(245, 166, 35)'), ('', ''), ('rgb(139, 87, 42)', 'rgb(245, 166, 35)'), ('rgb(139, 87, 42)', 'rgb(245, 166, 35)'), ('', ''), ('', ''), ('rgb(139, 87, 42)', 'rgb(245, 166, 35)'), ('rgb(139, 87, 42)', 'rgb(245, 166, 35)'), ('', ''), ('rgb(139, 87, 42)', 'rgb(245, 166, 35)'), ('rgb(139, 87, 42)', 'rgb(245, 166, 35)'), ('rgb(139, 87, 42)', 'rgb(245, 166, 35)'), ('', ''), ('', ''), ('', ''), ('', '')], [('', ''), ('rgb(139, 87, 42)', 'rgb(245, 166, 35)'), ('', ''), ('', ''), ('', ''), ('', ''), ('', ''), ('', ''), ('', ''), ('', ''), ('rgb(139, 87, 42)', 'rgb(245, 166, 35)'), ('', ''), ('', ''), ('', ''), ('', ''), ('rgb(139, 87, 42)', 'rgb(245, 166, 35)'), ('', ''), ('', '')], [('', ''), ('rgb(139, 87, 42)', 'rgb(245, 166, 35)'), ('', ''), ('rgb(139, 87, 42)', 'rgb(245, 166, 35)'), ('', ''), ('', ''), ('rgb(139, 87, 42)', 'rgb(245, 166, 35)'), ('rgb(139, 87, 42)', 'rgb(245, 166, 35)'), ('', ''), ('', ''), ('rgb(139, 87, 42)', 'rgb(245, 166, 35)'), ('', ''), ('', ''), ('', ''), ('rgb(139, 87, 42)', 'rgb(245, 166, 35)'), ('rgb(139, 87, 42)', 'rgb(245, 166, 35)'), ('rgb(139, 87, 42)', 'rgb(245, 166, 35)'), ('rgb(139, 87, 42)', 'rgb(245, 166, 35)')], [('rgb(139, 87, 42)', 'rgb(245, 166, 35)'), ('rgb(139, 87, 42)', 'rgb(245, 166, 35)'), ('rgb(139, 87, 42)', 'rgb(245, 166, 35)'), ('', ''), ('rgb(139, 87, 42)', 'rgb(245, 166, 35)'), ('rgb(139, 87, 42)', 'rgb(245, 166, 35)'), ('', ''), ('', ''), ('rgb(139, 87, 42)', 'rgb(245, 166, 35)'), ('rgb(139, 87, 42)', 'rgb(245, 166, 35)'), ('rgb(139, 87, 42)', 'rgb(245, 166, 35)'), ('rgb(139, 87, 42)', 'rgb(245, 166, 35)'), ('rgb(139, 87, 42)', 'rgb(245, 166, 35)'), ('rgb(139, 87, 42)', 'rgb(245, 166, 35)'), ('', ''), ('rgb(139, 87, 42)', 'rgb(245, 166, 35)'), ('', ''), ('', '')]]
2022-01-05 20:30:58|INFO  |logger_until.py:Line17|testing test_value_colorCoding_values is completed and passed
2022-01-05 20:31:01|INFO  |logger_until.py:Line17|click on singleChartBody
2022-01-05 20:31:01|INFO  |logger_until.py:Line17|click on actiontool_edit_click btn
2022-01-05 20:31:02|INFO  |logger_until.py:Line17|click on Values section
2022-01-05 20:31:04|INFO  |logger_until.py:Line17|Starting test TC test_value_colorCoding_values_multiple
2022-01-05 20:31:04|INFO  |logger_until.py:Line17|click on Values dropdown
2022-01-05 20:31:06|INFO  |logger_until.py:Line17|click on options: sales_count(sum)
2022-01-05 20:31:06|DEBUG |logger_until.py:Line23|value options_aria_controls: 1d237bc5-0be5-42ba-a8a1-9399203ce83c
2022-01-05 20:31:06|DEBUG |logger_until.py:Line23|values options: ['sales_count(sum)', 'target_count(sum)', 'sales_count/ amount(sum)']
2022-01-05 20:31:06|INFO  |logger_until.py:Line17|click on view As drop-down
2022-01-05 20:31:07|INFO  |logger_until.py:Line17|click on the options: Color Coding
2022-01-05 20:31:07|DEBUG |logger_until.py:Line23|view as options_aria_controls: 25cec771-8f99-437e-f336-307a7f76aeb9
2022-01-05 20:31:07|DEBUG |logger_until.py:Line23|values options: ['Bar', 'Indicator', 'Star Rate', 'Color Coding', 'Bullet', 'Value', 'Gradient Color']
2022-01-05 20:31:09|INFO  |logger_until.py:Line17|click on Add New Button
2022-01-05 20:31:10|INFO  |logger_until.py:Line17|Click on background color picker
2022-01-05 20:31:11|INFO  |logger_until.py:Line17|select #8B572A for background color
2022-01-05 20:31:12|INFO  |logger_until.py:Line17|Click on color picker
2022-01-05 20:31:13|INFO  |logger_until.py:Line17|select #F5A623 for background color
2022-01-05 20:31:14|INFO  |logger_until.py:Line17|click on condition dropdown list
2022-01-05 20:31:26|INFO  |logger_until.py:Line17|click on Add New Button
2022-01-05 20:31:27|INFO  |logger_until.py:Line17|Click on background color picker
2022-01-05 20:31:29|INFO  |logger_until.py:Line17|select #8B572A for background color
2022-01-05 20:31:30|INFO  |logger_until.py:Line17|Click on color picker
2022-01-05 20:31:31|INFO  |logger_until.py:Line17|select #F8E71C for background color
2022-01-05 20:31:32|INFO  |logger_until.py:Line17|click on condition dropdown list
2022-01-05 20:31:37|INFO  |logger_until.py:Line17|getting test result
2022-01-05 20:31:48|INFO  |logger_until.py:Line17|expected value: [('', ''), ('', ''), ('', ''), ('rgb(139, 87, 42)', 'rgb(248, 231, 28)'), ('', ''), ('', ''), ('rgb(139, 87, 42)', 'rgb(248, 231, 28)'), ('rgb(139, 87, 42)', 'rgb(245, 166, 35)'), ('', ''), ('', ''), ('', ''), ('', ''), ('', ''), ('', ''), ('rgb(139, 87, 42)', 'rgb(248, 231, 28)'), ('', ''), ('rgb(139, 87, 42)', 'rgb(245, 166, 35)'), ('rgb(139, 87, 42)', 'rgb(245, 166, 35)')], actually_result: [('', ''), ('', ''), ('', ''), ('rgb(139, 87, 42)', 'rgb(248, 231, 28)'), ('', ''), ('', ''), ('rgb(139, 87, 42)', 'rgb(248, 231, 28)'), ('rgb(139, 87, 42)', 'rgb(245, 166, 35)'), ('', ''), ('', ''), ('', ''), ('', ''), ('', ''), ('', ''), ('rgb(139, 87, 42)', 'rgb(248, 231, 28)'), ('', ''), ('rgb(139, 87, 42)', 'rgb(245, 166, 35)'), ('rgb(139, 87, 42)', 'rgb(245, 166, 35)')]
2022-01-05 20:31:48|INFO  |logger_until.py:Line17|testing test_value_colorCoding_values_multiple is completed and passed
2022-01-05 20:31:51|INFO  |logger_until.py:Line17|click on singleChartBody
2022-01-05 20:31:51|INFO  |logger_until.py:Line17|click on actiontool_edit_click btn
2022-01-05 20:31:52|INFO  |logger_until.py:Line17|click on Values section
2022-01-05 20:31:54|INFO  |logger_until.py:Line17|Starting test TC test_value_colorCoding_var_sum
2022-01-05 20:31:54|INFO  |logger_until.py:Line17|click on Values dropdown
2022-01-05 20:31:56|INFO  |logger_until.py:Line17|click on options: sales_count(sum)
2022-01-05 20:31:56|DEBUG |logger_until.py:Line23|value options_aria_controls: c28fd3d8-0608-4322-fdb2-6b5e1a860d04
2022-01-05 20:31:56|DEBUG |logger_until.py:Line23|values options: ['sales_count(sum)', 'target_count(sum)', 'sales_count/ amount(sum)']
2022-01-05 20:31:56|INFO  |logger_until.py:Line17|click on view As drop-down
2022-01-05 20:31:57|INFO  |logger_until.py:Line17|click on the options: Color Coding
2022-01-05 20:31:57|DEBUG |logger_until.py:Line23|view as options_aria_controls: 9f32a136-945b-4e08-a5d2-f66084866f99
2022-01-05 20:31:57|DEBUG |logger_until.py:Line23|values options: ['Bar', 'Indicator', 'Star Rate', 'Color Coding', 'Bullet', 'Value', 'Gradient Color']
2022-01-05 20:31:58|INFO  |logger_until.py:Line17|click on type dropdown list
2022-01-05 20:31:59|INFO  |logger_until.py:Line17|select Variables for type
2022-01-05 20:32:00|INFO  |logger_until.py:Line17|click on Add New Button
2022-01-05 20:32:02|INFO  |logger_until.py:Line17|Click on background color picker
2022-01-05 20:32:03|INFO  |logger_until.py:Line17|select #8B572A for background color
2022-01-05 20:32:04|INFO  |logger_until.py:Line17|Click on color picker
2022-01-05 20:32:05|INFO  |logger_until.py:Line17|select #F5A623 for background color
2022-01-05 20:32:06|INFO  |logger_until.py:Line17|click on condition dropdown list
2022-01-05 20:32:09|INFO  |logger_until.py:Line17|click on variables dropdown list
2022-01-05 20:32:10|INFO  |logger_until.py:Line17|select target_count
2022-01-05 20:32:11|INFO  |logger_until.py:Line17|click on aggregation dropdown list
2022-01-05 20:32:12|INFO  |logger_until.py:Line17|select target_count
2022-01-05 20:32:14|INFO  |logger_until.py:Line17|getting test result
2022-01-05 20:32:26|INFO  |logger_until.py:Line17|click on condition dropdown list
2022-01-05 20:32:28|INFO  |logger_until.py:Line17|getting test result
2022-01-05 20:32:41|INFO  |logger_until.py:Line17|click on condition dropdown list
2022-01-05 20:32:43|INFO  |logger_until.py:Line17|getting test result
2022-01-05 20:32:55|INFO  |logger_until.py:Line17|click on condition dropdown list
2022-01-05 20:32:58|INFO  |logger_until.py:Line17|getting test result
2022-01-05 20:33:10|INFO  |logger_until.py:Line17|click on condition dropdown list
2022-01-05 20:33:12|INFO  |logger_until.py:Line17|getting test result
2022-01-05 20:33:25|INFO  |logger_until.py:Line17|expected value: [[('', ''), ('', ''), ('', ''), ('', ''), ('', ''), ('', ''), ('', ''), ('', ''), ('', ''), ('', ''), ('', ''), ('', ''), ('', ''), ('', ''), ('', ''), ('', ''), ('', ''), ('', '')], [('rgb(139, 87, 42)', 'rgb(245, 166, 35)'), ('rgb(139, 87, 42)', 'rgb(245, 166, 35)'), ('rgb(139, 87, 42)', 'rgb(245, 166, 35)'), ('rgb(139, 87, 42)', 'rgb(245, 166, 35)'), ('rgb(139, 87, 42)', 'rgb(245, 166, 35)'), ('rgb(139, 87, 42)', 'rgb(245, 166, 35)'), ('rgb(139, 87, 42)', 'rgb(245, 166, 35)'), ('rgb(139, 87, 42)', 'rgb(245, 166, 35)'), ('rgb(139, 87, 42)', 'rgb(245, 166, 35)'), ('rgb(139, 87, 42)', 'rgb(245, 166, 35)'), ('rgb(139, 87, 42)', 'rgb(245, 166, 35)'), ('rgb(139, 87, 42)', 'rgb(245, 166, 35)'), ('rgb(139, 87, 42)', 'rgb(245, 166, 35)'), ('rgb(139, 87, 42)', 'rgb(245, 166, 35)'), ('rgb(139, 87, 42)', 'rgb(245, 166, 35)'), ('rgb(139, 87, 42)', 'rgb(245, 166, 35)'), ('rgb(139, 87, 42)', 'rgb(245, 166, 35)'), ('rgb(139, 87, 42)', 'rgb(245, 166, 35)')], [('', ''), ('', ''), ('', ''), ('', ''), ('', ''), ('', ''), ('', ''), ('', ''), ('', ''), ('', ''), ('', ''), ('', ''), ('', ''), ('', ''), ('', ''), ('', ''), ('', ''), ('', '')], [('', ''), ('', ''), ('', ''), ('', ''), ('', ''), ('', ''), ('', ''), ('', ''), ('', ''), ('', ''), ('', ''), ('', ''), ('', ''), ('', ''), ('', ''), ('', ''), ('', ''), ('', '')], [('rgb(139, 87, 42)', 'rgb(245, 166, 35)'), ('rgb(139, 87, 42)', 'rgb(245, 166, 35)'), ('rgb(139, 87, 42)', 'rgb(245, 166, 35)'), ('rgb(139, 87, 42)', 'rgb(245, 166, 35)'), ('rgb(139, 87, 42)', 'rgb(245, 166, 35)'), ('rgb(139, 87, 42)', 'rgb(245, 166, 35)'), ('rgb(139, 87, 42)', 'rgb(245, 166, 35)'), ('rgb(139, 87, 42)', 'rgb(245, 166, 35)'), ('rgb(139, 87, 42)', 'rgb(245, 166, 35)'), ('rgb(139, 87, 42)', 'rgb(245, 166, 35)'), ('rgb(139, 87, 42)', 'rgb(245, 166, 35)'), ('rgb(139, 87, 42)', 'rgb(245, 166, 35)'), ('rgb(139, 87, 42)', 'rgb(245, 166, 35)'), ('rgb(139, 87, 42)', 'rgb(245, 166, 35)'), ('rgb(139, 87, 42)', 'rgb(245, 166, 35)'), ('rgb(139, 87, 42)', 'rgb(245, 166, 35)'), ('rgb(139, 87, 42)', 'rgb(245, 166, 35)'), ('rgb(139, 87, 42)', 'rgb(245, 166, 35)')]], actually_result: [[('', ''), ('', ''), ('', ''), ('', ''), ('', ''), ('', ''), ('', ''), ('', ''), ('', ''), ('', ''), ('', ''), ('', ''), ('', ''), ('', ''), ('', ''), ('', ''), ('', ''), ('', '')], [('rgb(139, 87, 42)', 'rgb(245, 166, 35)'), ('rgb(139, 87, 42)', 'rgb(245, 166, 35)'), ('rgb(139, 87, 42)', 'rgb(245, 166, 35)'), ('rgb(139, 87, 42)', 'rgb(245, 166, 35)'), ('rgb(139, 87, 42)', 'rgb(245, 166, 35)'), ('rgb(139, 87, 42)', 'rgb(245, 166, 35)'), ('rgb(139, 87, 42)', 'rgb(245, 166, 35)'), ('rgb(139, 87, 42)', 'rgb(245, 166, 35)'), ('rgb(139, 87, 42)', 'rgb(245, 166, 35)'), ('rgb(139, 87, 42)', 'rgb(245, 166, 35)'), ('rgb(139, 87, 42)', 'rgb(245, 166, 35)'), ('rgb(139, 87, 42)', 'rgb(245, 166, 35)'), ('rgb(139, 87, 42)', 'rgb(245, 166, 35)'), ('rgb(139, 87, 42)', 'rgb(245, 166, 35)'), ('rgb(139, 87, 42)', 'rgb(245, 166, 35)'), ('rgb(139, 87, 42)', 'rgb(245, 166, 35)'), ('rgb(139, 87, 42)', 'rgb(245, 166, 35)'), ('rgb(139, 87, 42)', 'rgb(245, 166, 35)')], [('', ''), ('', ''), ('', ''), ('', ''), ('', ''), ('', ''), ('', ''), ('', ''), ('', ''), ('', ''), ('', ''), ('', ''), ('', ''), ('', ''), ('', ''), ('', ''), ('', ''), ('', '')], [('', ''), ('', ''), ('', ''), ('', ''), ('', ''), ('', ''), ('', ''), ('', ''), ('', ''), ('', ''), ('', ''), ('', ''), ('', ''), ('', ''), ('', ''), ('', ''), ('', ''), ('', '')], [('rgb(139, 87, 42)', 'rgb(245, 166, 35)'), ('rgb(139, 87, 42)', 'rgb(245, 166, 35)'), ('rgb(139, 87, 42)', 'rgb(245, 166, 35)'), ('rgb(139, 87, 42)', 'rgb(245, 166, 35)'), ('rgb(139, 87, 42)', 'rgb(245, 166, 35)'), ('rgb(139, 87, 42)', 'rgb(245, 166, 35)'), ('rgb(139, 87, 42)', 'rgb(245, 166, 35)'), ('rgb(139, 87, 42)', 'rgb(245, 166, 35)'), ('rgb(139, 87, 42)', 'rgb(245, 166, 35)'), ('rgb(139, 87, 42)', 'rgb(245, 166, 35)'), ('rgb(139, 87, 42)', 'rgb(245, 166, 35)'), ('rgb(139, 87, 42)', 'rgb(245, 166, 35)'), ('rgb(139, 87, 42)', 'rgb(245, 166, 35)'), ('rgb(139, 87, 42)', 'rgb(245, 166, 35)'), ('rgb(139, 87, 42)', 'rgb(245, 166, 35)'), ('rgb(139, 87, 42)', 'rgb(245, 166, 35)'), ('rgb(139, 87, 42)', 'rgb(245, 166, 35)'), ('rgb(139, 87, 42)', 'rgb(245, 166, 35)')]]
2022-01-05 20:33:25|INFO  |logger_until.py:Line17|testing test_value_colorCoding_var_sum is completed and passed
2022-01-05 20:33:27|INFO  |logger_until.py:Line17|click on singleChartBody
2022-01-05 20:33:27|INFO  |logger_until.py:Line17|click on actiontool_edit_click btn
2022-01-05 20:33:29|INFO  |logger_until.py:Line17|click on Values section
2022-01-05 20:33:31|INFO  |logger_until.py:Line17|Starting test TC test_value_colorCoding_var_allowGrounp_sum
2022-01-05 20:33:31|INFO  |logger_until.py:Line17|click on Values dropdown
2022-01-05 20:33:32|INFO  |logger_until.py:Line17|click on options: sales_count(sum)
2022-01-05 20:33:32|DEBUG |logger_until.py:Line23|value options_aria_controls: f86b96af-41c8-4c4a-97bc-e5f72797cfb1
2022-01-05 20:33:32|DEBUG |logger_until.py:Line23|values options: ['sales_count(sum)', 'target_count(sum)', 'sales_count/ amount(sum)']
2022-01-05 20:33:32|INFO  |logger_until.py:Line17|click on view As drop-down
2022-01-05 20:33:33|INFO  |logger_until.py:Line17|click on the options: Color Coding
2022-01-05 20:33:33|DEBUG |logger_until.py:Line23|view as options_aria_controls: 3755fe0a-a455-4ace-9baa-73f335f7e34a
2022-01-05 20:33:33|DEBUG |logger_until.py:Line23|values options: ['Bar', 'Indicator', 'Star Rate', 'Color Coding', 'Bullet', 'Value', 'Gradient Color']
2022-01-05 20:33:34|INFO  |logger_until.py:Line17|click on type dropdown list
2022-01-05 20:33:36|INFO  |logger_until.py:Line17|select Variables for type
2022-01-05 20:33:37|INFO  |logger_until.py:Line17|click on Add New Button
2022-01-05 20:33:38|INFO  |logger_until.py:Line17|Click on background color picker
2022-01-05 20:33:39|INFO  |logger_until.py:Line17|select #8B572A for background color
2022-01-05 20:33:40|INFO  |logger_until.py:Line17|Click on color picker
2022-01-05 20:33:42|INFO  |logger_until.py:Line17|select #F5A623 for background color
2022-01-05 20:33:43|INFO  |logger_until.py:Line17|click on condition dropdown list
2022-01-05 20:33:45|INFO  |logger_until.py:Line17|click on variables dropdown list
2022-01-05 20:33:47|INFO  |logger_until.py:Line17|select target_count
2022-01-05 20:33:48|INFO  |logger_until.py:Line17|click on aggregation dropdown list
2022-01-05 20:33:49|INFO  |logger_until.py:Line17|select target_count
2022-01-05 20:33:53|INFO  |logger_until.py:Line17|getting test result
2022-01-05 20:34:06|INFO  |logger_until.py:Line17|click on condition dropdown list
2022-01-05 20:34:08|INFO  |logger_until.py:Line17|getting test result
2022-01-05 20:34:20|INFO  |logger_until.py:Line17|click on condition dropdown list
2022-01-05 20:34:23|INFO  |logger_until.py:Line17|getting test result
2022-01-05 20:34:35|INFO  |logger_until.py:Line17|click on condition dropdown list
2022-01-05 20:34:38|INFO  |logger_until.py:Line17|getting test result
2022-01-05 20:34:50|INFO  |logger_until.py:Line17|click on condition dropdown list
2022-01-05 20:34:52|INFO  |logger_until.py:Line17|getting test result
2022-01-05 20:35:04|INFO  |logger_until.py:Line17|expected value: [[('', ''), ('', ''), ('', ''), ('rgb(139, 87, 42)', 'rgb(245, 166, 35)'), ('', ''), ('rgb(139, 87, 42)', 'rgb(245, 166, 35)'), ('rgb(139, 87, 42)', 'rgb(245, 166, 35)'), ('rgb(139, 87, 42)', 'rgb(245, 166, 35)'), ('', ''), ('rgb(139, 87, 42)', 'rgb(245, 166, 35)'), ('', ''), ('', ''), ('', ''), ('', ''), ('rgb(139, 87, 42)', 'rgb(245, 166, 35)'), ('rgb(139, 87, 42)', 'rgb(245, 166, 35)'), ('', ''), ('', '')], [('rgb(139, 87, 42)', 'rgb(245, 166, 35)'), ('rgb(139, 87, 42)', 'rgb(245, 166, 35)'), ('rgb(139, 87, 42)', 'rgb(245, 166, 35)'), ('', ''), ('rgb(139, 87, 42)', 'rgb(245, 166, 35)'), ('', ''), ('', ''), ('', ''), ('rgb(139, 87, 42)', 'rgb(245, 166, 35)'), ('', ''), ('rgb(139, 87, 42)', 'rgb(245, 166, 35)'), ('rgb(139, 87, 42)', 'rgb(245, 166, 35)'), ('rgb(139, 87, 42)', 'rgb(245, 166, 35)'), ('rgb(139, 87, 42)', 'rgb(245, 166, 35)'), ('', ''), ('', ''), ('rgb(139, 87, 42)', 'rgb(245, 166, 35)'), ('rgb(139, 87, 42)', 'rgb(245, 166, 35)')], [('', ''), ('', ''), ('', ''), ('', ''), ('', ''), ('', ''), ('', ''), ('', ''), ('', ''), ('', ''), ('', ''), ('', ''), ('', ''), ('', ''), ('', ''), ('', ''), ('', ''), ('', '')], [('', ''), ('', ''), ('', ''), ('rgb(139, 87, 42)', 'rgb(245, 166, 35)'), ('', ''), ('rgb(139, 87, 42)', 'rgb(245, 166, 35)'), ('rgb(139, 87, 42)', 'rgb(245, 166, 35)'), ('rgb(139, 87, 42)', 'rgb(245, 166, 35)'), ('', ''), ('rgb(139, 87, 42)', 'rgb(245, 166, 35)'), ('', ''), ('', ''), ('', ''), ('', ''), ('rgb(139, 87, 42)', 'rgb(245, 166, 35)'), ('rgb(139, 87, 42)', 'rgb(245, 166, 35)'), ('', ''), ('', '')], [('rgb(139, 87, 42)', 'rgb(245, 166, 35)'), ('rgb(139, 87, 42)', 'rgb(245, 166, 35)'), ('rgb(139, 87, 42)', 'rgb(245, 166, 35)'), ('', ''), ('rgb(139, 87, 42)', 'rgb(245, 166, 35)'), ('', ''), ('', ''), ('', ''), ('rgb(139, 87, 42)', 'rgb(245, 166, 35)'), ('', ''), ('rgb(139, 87, 42)', 'rgb(245, 166, 35)'), ('rgb(139, 87, 42)', 'rgb(245, 166, 35)'), ('rgb(139, 87, 42)', 'rgb(245, 166, 35)'), ('rgb(139, 87, 42)', 'rgb(245, 166, 35)'), ('', ''), ('', ''), ('rgb(139, 87, 42)', 'rgb(245, 166, 35)'), ('rgb(139, 87, 42)', 'rgb(245, 166, 35)')]], actually_result: [[('', ''), ('', ''), ('', ''), ('rgb(139, 87, 42)', 'rgb(245, 166, 35)'), ('', ''), ('rgb(139, 87, 42)', 'rgb(245, 166, 35)'), ('rgb(139, 87, 42)', 'rgb(245, 166, 35)'), ('rgb(139, 87, 42)', 'rgb(245, 166, 35)'), ('', ''), ('rgb(139, 87, 42)', 'rgb(245, 166, 35)'), ('', ''), ('', ''), ('', ''), ('', ''), ('rgb(139, 87, 42)', 'rgb(245, 166, 35)'), ('rgb(139, 87, 42)', 'rgb(245, 166, 35)'), ('', ''), ('', '')], [('rgb(139, 87, 42)', 'rgb(245, 166, 35)'), ('rgb(139, 87, 42)', 'rgb(245, 166, 35)'), ('rgb(139, 87, 42)', 'rgb(245, 166, 35)'), ('', ''), ('rgb(139, 87, 42)', 'rgb(245, 166, 35)'), ('', ''), ('', ''), ('', ''), ('rgb(139, 87, 42)', 'rgb(245, 166, 35)'), ('', ''), ('rgb(139, 87, 42)', 'rgb(245, 166, 35)'), ('rgb(139, 87, 42)', 'rgb(245, 166, 35)'), ('rgb(139, 87, 42)', 'rgb(245, 166, 35)'), ('rgb(139, 87, 42)', 'rgb(245, 166, 35)'), ('', ''), ('', ''), ('rgb(139, 87, 42)', 'rgb(245, 166, 35)'), ('rgb(139, 87, 42)', 'rgb(245, 166, 35)')], [('', ''), ('', ''), ('', ''), ('', ''), ('', ''), ('', ''), ('', ''), ('', ''), ('', ''), ('', ''), ('', ''), ('', ''), ('', ''), ('', ''), ('', ''), ('', ''), ('', ''), ('', '')], [('', ''), ('', ''), ('', ''), ('rgb(139, 87, 42)', 'rgb(245, 166, 35)'), ('', ''), ('rgb(139, 87, 42)', 'rgb(245, 166, 35)'), ('rgb(139, 87, 42)', 'rgb(245, 166, 35)'), ('rgb(139, 87, 42)', 'rgb(245, 166, 35)'), ('', ''), ('rgb(139, 87, 42)', 'rgb(245, 166, 35)'), ('', ''), ('', ''), ('', ''), ('', ''), ('rgb(139, 87, 42)', 'rgb(245, 166, 35)'), ('rgb(139, 87, 42)', 'rgb(245, 166, 35)'), ('', ''), ('', '')], [('rgb(139, 87, 42)', 'rgb(245, 166, 35)'), ('rgb(139, 87, 42)', 'rgb(245, 166, 35)'), ('rgb(139, 87, 42)', 'rgb(245, 166, 35)'), ('', ''), ('rgb(139, 87, 42)', 'rgb(245, 166, 35)'), ('', ''), ('', ''), ('', ''), ('rgb(139, 87, 42)', 'rgb(245, 166, 35)'), ('', ''), ('rgb(139, 87, 42)', 'rgb(245, 166, 35)'), ('rgb(139, 87, 42)', 'rgb(245, 166, 35)'), ('rgb(139, 87, 42)', 'rgb(245, 166, 35)'), ('rgb(139, 87, 42)', 'rgb(245, 166, 35)'), ('', ''), ('', ''), ('rgb(139, 87, 42)', 'rgb(245, 166, 35)'), ('rgb(139, 87, 42)', 'rgb(245, 166, 35)')]]
2022-01-05 20:35:04|INFO  |logger_until.py:Line17|testing test_value_colorCoding_var_allowGrounp_sum is completed and passed
2022-01-05 20:35:07|INFO  |logger_until.py:Line17|click on singleChartBody
2022-01-05 20:35:07|INFO  |logger_until.py:Line17|click on actiontool_edit_click btn
2022-01-05 20:35:08|INFO  |logger_until.py:Line17|click on Values section
2022-01-05 20:35:11|INFO  |logger_until.py:Line17|Starting test TC test_value_colorCoding_var_allowGrounp_min
2022-01-05 20:35:11|INFO  |logger_until.py:Line17|click on Values dropdown
2022-01-05 20:35:12|INFO  |logger_until.py:Line17|click on options: sales_count(sum)
2022-01-05 20:35:12|DEBUG |logger_until.py:Line23|value options_aria_controls: ec25a3a6-b871-4096-dd0f-2aa34dd3d1cd
2022-01-05 20:35:12|DEBUG |logger_until.py:Line23|values options: ['sales_count(sum)', 'target_count(sum)', 'sales_count/ amount(sum)']
2022-01-05 20:35:12|INFO  |logger_until.py:Line17|click on view As drop-down
2022-01-05 20:35:13|INFO  |logger_until.py:Line17|click on the options: Color Coding
2022-01-05 20:35:13|DEBUG |logger_until.py:Line23|view as options_aria_controls: ba3e1614-e317-487c-d315-3fa6bd9dde8b
2022-01-05 20:35:13|DEBUG |logger_until.py:Line23|values options: ['Bar', 'Indicator', 'Star Rate', 'Color Coding', 'Bullet', 'Value', 'Gradient Color']
2022-01-05 20:35:14|INFO  |logger_until.py:Line17|click on type dropdown list
2022-01-05 20:35:16|INFO  |logger_until.py:Line17|select Variables for type
2022-01-05 20:35:17|INFO  |logger_until.py:Line17|click on Add New Button
2022-01-05 20:35:18|INFO  |logger_until.py:Line17|Click on background color picker
2022-01-05 20:35:19|INFO  |logger_until.py:Line17|select #8B572A for background color
2022-01-05 20:35:20|INFO  |logger_until.py:Line17|Click on color picker
2022-01-05 20:35:22|INFO  |logger_until.py:Line17|select #F5A623 for background color
2022-01-05 20:35:23|INFO  |logger_until.py:Line17|click on condition dropdown list
2022-01-05 20:35:26|INFO  |logger_until.py:Line17|click on variables dropdown list
2022-01-05 20:35:28|INFO  |logger_until.py:Line17|select target_count
2022-01-05 20:35:29|INFO  |logger_until.py:Line17|click on aggregation dropdown list
2022-01-05 20:35:31|INFO  |logger_until.py:Line17|select target_count
2022-01-05 20:35:36|INFO  |logger_until.py:Line17|getting test result
2022-01-05 20:35:49|INFO  |logger_until.py:Line17|click on condition dropdown list
2022-01-05 20:35:52|INFO  |logger_until.py:Line17|getting test result
2022-01-05 20:36:04|INFO  |logger_until.py:Line17|click on condition dropdown list
2022-01-05 20:36:07|INFO  |logger_until.py:Line17|getting test result
2022-01-05 20:36:19|INFO  |logger_until.py:Line17|click on condition dropdown list
2022-01-05 20:36:22|INFO  |logger_until.py:Line17|getting test result
2022-01-05 20:36:34|INFO  |logger_until.py:Line17|click on condition dropdown list
2022-01-05 20:36:37|INFO  |logger_until.py:Line17|getting test result
2022-01-05 20:36:51|INFO  |logger_until.py:Line17|expected value: [[('rgb(139, 87, 42)', 'rgb(245, 166, 35)'), ('rgb(139, 87, 42)', 'rgb(245, 166, 35)'), ('', ''), ('rgb(139, 87, 42)', 'rgb(245, 166, 35)'), ('rgb(139, 87, 42)', 'rgb(245, 166, 35)'), ('rgb(139, 87, 42)', 'rgb(245, 166, 35)'), ('rgb(139, 87, 42)', 'rgb(245, 166, 35)'), ('rgb(139, 87, 42)', 'rgb(245, 166, 35)'), ('', ''), ('rgb(139, 87, 42)', 'rgb(245, 166, 35)'), ('rgb(139, 87, 42)', 'rgb(245, 166, 35)'), ('', ''), ('rgb(139, 87, 42)', 'rgb(245, 166, 35)'), ('', ''), ('rgb(139, 87, 42)', 'rgb(245, 166, 35)'), ('rgb(139, 87, 42)', 'rgb(245, 166, 35)'), ('rgb(139, 87, 42)', 'rgb(245, 166, 35)'), ('rgb(139, 87, 42)', 'rgb(245, 166, 35)')], [('', ''), ('', ''), ('rgb(139, 87, 42)', 'rgb(245, 166, 35)'), ('', ''), ('', ''), ('', ''), ('', ''), ('', ''), ('rgb(139, 87, 42)', 'rgb(245, 166, 35)'), ('', ''), ('', ''), ('rgb(139, 87, 42)', 'rgb(245, 166, 35)'), ('', ''), ('rgb(139, 87, 42)', 'rgb(245, 166, 35)'), ('', ''), ('', ''), ('', ''), ('', '')], [('', ''), ('', ''), ('', ''), ('', ''), ('', ''), ('', ''), ('', ''), ('', ''), ('', ''), ('', ''), ('', ''), ('', ''), ('', ''), ('', ''), ('', ''), ('', ''), ('', ''), ('', '')], [('rgb(139, 87, 42)', 'rgb(245, 166, 35)'), ('rgb(139, 87, 42)', 'rgb(245, 166, 35)'), ('', ''), ('rgb(139, 87, 42)', 'rgb(245, 166, 35)'), ('rgb(139, 87, 42)', 'rgb(245, 166, 35)'), ('rgb(139, 87, 42)', 'rgb(245, 166, 35)'), ('rgb(139, 87, 42)', 'rgb(245, 166, 35)'), ('rgb(139, 87, 42)', 'rgb(245, 166, 35)'), ('', ''), ('rgb(139, 87, 42)', 'rgb(245, 166, 35)'), ('rgb(139, 87, 42)', 'rgb(245, 166, 35)'), ('', ''), ('rgb(139, 87, 42)', 'rgb(245, 166, 35)'), ('', ''), ('rgb(139, 87, 42)', 'rgb(245, 166, 35)'), ('rgb(139, 87, 42)', 'rgb(245, 166, 35)'), ('rgb(139, 87, 42)', 'rgb(245, 166, 35)'), ('rgb(139, 87, 42)', 'rgb(245, 166, 35)')], [('', ''), ('', ''), ('rgb(139, 87, 42)', 'rgb(245, 166, 35)'), ('', ''), ('', ''), ('', ''), ('', ''), ('', ''), ('rgb(139, 87, 42)', 'rgb(245, 166, 35)'), ('', ''), ('', ''), ('rgb(139, 87, 42)', 'rgb(245, 166, 35)'), ('', ''), ('rgb(139, 87, 42)', 'rgb(245, 166, 35)'), ('', ''), ('', ''), ('', ''), ('', '')]], actually_result: [[('rgb(139, 87, 42)', 'rgb(245, 166, 35)'), ('rgb(139, 87, 42)', 'rgb(245, 166, 35)'), ('', ''), ('rgb(139, 87, 42)', 'rgb(245, 166, 35)'), ('rgb(139, 87, 42)', 'rgb(245, 166, 35)'), ('rgb(139, 87, 42)', 'rgb(245, 166, 35)'), ('rgb(139, 87, 42)', 'rgb(245, 166, 35)'), ('rgb(139, 87, 42)', 'rgb(245, 166, 35)'), ('', ''), ('rgb(139, 87, 42)', 'rgb(245, 166, 35)'), ('rgb(139, 87, 42)', 'rgb(245, 166, 35)'), ('', ''), ('rgb(139, 87, 42)', 'rgb(245, 166, 35)'), ('', ''), ('rgb(139, 87, 42)', 'rgb(245, 166, 35)'), ('rgb(139, 87, 42)', 'rgb(245, 166, 35)'), ('rgb(139, 87, 42)', 'rgb(245, 166, 35)'), ('rgb(139, 87, 42)', 'rgb(245, 166, 35)')], [('', ''), ('', ''), ('rgb(139, 87, 42)', 'rgb(245, 166, 35)'), ('', ''), ('', ''), ('', ''), ('', ''), ('', ''), ('rgb(139, 87, 42)', 'rgb(245, 166, 35)'), ('', ''), ('', ''), ('rgb(139, 87, 42)', 'rgb(245, 166, 35)'), ('', ''), ('rgb(139, 87, 42)', 'rgb(245, 166, 35)'), ('', ''), ('', ''), ('', ''), ('', '')], [('', ''), ('', ''), ('', ''), ('', ''), ('', ''), ('', ''), ('', ''), ('', ''), ('', ''), ('', ''), ('', ''), ('', ''), ('', ''), ('', ''), ('', ''), ('', ''), ('', ''), ('', '')], [('rgb(139, 87, 42)', 'rgb(245, 166, 35)'), ('rgb(139, 87, 42)', 'rgb(245, 166, 35)'), ('', ''), ('rgb(139, 87, 42)', 'rgb(245, 166, 35)'), ('rgb(139, 87, 42)', 'rgb(245, 166, 35)'), ('rgb(139, 87, 42)', 'rgb(245, 166, 35)'), ('rgb(139, 87, 42)', 'rgb(245, 166, 35)'), ('rgb(139, 87, 42)', 'rgb(245, 166, 35)'), ('', ''), ('rgb(139, 87, 42)', 'rgb(245, 166, 35)'), ('rgb(139, 87, 42)', 'rgb(245, 166, 35)'), ('', ''), ('rgb(139, 87, 42)', 'rgb(245, 166, 35)'), ('', ''), ('rgb(139, 87, 42)', 'rgb(245, 166, 35)'), ('rgb(139, 87, 42)', 'rgb(245, 166, 35)'), ('rgb(139, 87, 42)', 'rgb(245, 166, 35)'), ('rgb(139, 87, 42)', 'rgb(245, 166, 35)')], [('', ''), ('', ''), ('rgb(139, 87, 42)', 'rgb(245, 166, 35)'), ('', ''), ('', ''), ('', ''), ('', ''), ('', ''), ('rgb(139, 87, 42)', 'rgb(245, 166, 35)'), ('', ''), ('', ''), ('rgb(139, 87, 42)', 'rgb(245, 166, 35)'), ('', ''), ('rgb(139, 87, 42)', 'rgb(245, 166, 35)'), ('', ''), ('', ''), ('', ''), ('', '')]]
2022-01-05 20:36:51|INFO  |logger_until.py:Line17|testing test_value_colorCoding_var_allowGrounp_min is completed and passed
2022-01-05 20:36:53|INFO  |logger_until.py:Line17|click on singleChartBody
2022-01-05 20:36:53|INFO  |logger_until.py:Line17|click on actiontool_edit_click btn
2022-01-05 20:36:55|INFO  |logger_until.py:Line17|click on Values section
2022-01-05 20:36:57|INFO  |logger_until.py:Line17|Starting test TC test_value_gradient_baseFunc
2022-01-05 20:36:57|INFO  |logger_until.py:Line17|click on Values dropdown
2022-01-05 20:36:58|INFO  |logger_until.py:Line17|click on options: sales_count(sum)
2022-01-05 20:36:58|DEBUG |logger_until.py:Line23|value options_aria_controls: 11279839-6f5f-4e3f-8c40-e7b42419cad1
2022-01-05 20:36:58|DEBUG |logger_until.py:Line23|values options: ['sales_count(sum)', 'target_count(sum)', 'sales_count/ amount(sum)']
2022-01-05 20:36:58|INFO  |logger_until.py:Line17|click on view As drop-down
2022-01-05 20:37:00|INFO  |logger_until.py:Line17|click on the options: Gradient Color
2022-01-05 20:37:00|DEBUG |logger_until.py:Line23|view as options_aria_controls: a876347a-1608-48df-d1b5-9a4bbf4097f5
2022-01-05 20:37:00|DEBUG |logger_until.py:Line23|values options: ['Bar', 'Indicator', 'Star Rate', 'Color Coding', 'Bullet', 'Value', 'Gradient Color']
2022-01-05 20:37:03|INFO  |logger_until.py:Line17|Getting test result
2022-01-05 20:37:03|INFO  |logger_until.py:Line17|getting test result
2022-01-05 20:37:14|INFO  |logger_until.py:Line17|expected value: 123, actually_result: [('rgb(100, 128, 167)', ''), ('rgb(39, 75, 127)', ''), ('rgb(222, 235, 247)', ''), ('rgb(39, 75, 127)', ''), ('rgb(100, 128, 167)', ''), ('rgb(222, 235, 247)', ''), ('rgb(39, 75, 127)', ''), ('rgb(39, 75, 127)', ''), ('rgb(191, 208, 227)', ''), ('rgb(100, 128, 167)', ''), ('rgb(39, 75, 127)', ''), ('rgb(222, 235, 247)', ''), ('rgb(100, 128, 167)', ''), ('rgb(222, 235, 247)', ''), ('rgb(39, 75, 127)', ''), ('rgb(69, 101, 147)', ''), ('rgb(39, 75, 127)', ''), ('rgb(69, 101, 147)', '')]
2022-01-05 20:37:14|INFO  |logger_until.py:Line17|screenShot has been done in path
2022-01-05 20:37:14|ERROR |logger_until.py:Line20|<class 'AssertionError'>
NoneType: None
2022-01-05 20:37:20|INFO  |logger_until.py:Line17|===================values testing STEUP started==============================================
2022-01-05 20:37:28|INFO  |logger_until.py:Line17|login ESB with xingyang.han@essexlg.com
2022-01-05 20:37:30|INFO  |logger_until.py:Line17|Visit project AutomationTest
2022-01-05 20:37:30|INFO  |logger_until.py:Line17|visit dashboard: AutomationDashboard
2022-01-05 20:37:36|INFO  |logger_until.py:Line17|visit dashboard AutomationDashboard
2022-01-05 20:37:36|INFO  |logger_until.py:Line17|click on singleChartBody
2022-01-05 20:37:37|INFO  |logger_until.py:Line17|click on actiontool_edit_click btn
2022-01-05 20:37:39|INFO  |logger_until.py:Line17|click on Values section
2022-01-05 20:37:41|INFO  |logger_until.py:Line17|Starting test TC test_value_gradient_baseFunc
2022-01-05 20:37:41|INFO  |logger_until.py:Line17|click on Values dropdown
2022-01-05 20:37:42|INFO  |logger_until.py:Line17|click on options: sales_count(sum)
2022-01-05 20:37:42|DEBUG |logger_until.py:Line23|value options_aria_controls: b3651591-cc26-4120-c87d-900f9d7b74e4
2022-01-05 20:37:42|DEBUG |logger_until.py:Line23|values options: ['sales_count(sum)', 'target_count(sum)', 'sales_count/ amount(sum)']
2022-01-05 20:37:42|INFO  |logger_until.py:Line17|click on view As drop-down
2022-01-05 20:37:43|INFO  |logger_until.py:Line17|click on the options: Gradient Color
2022-01-05 20:37:43|DEBUG |logger_until.py:Line23|view as options_aria_controls: b3ea8df4-df28-4b02-9b13-8c4244860d42
2022-01-05 20:37:43|DEBUG |logger_until.py:Line23|values options: ['Bar', 'Indicator', 'Star Rate', 'Color Coding', 'Bullet', 'Value', 'Gradient Color']
2022-01-05 20:37:46|INFO  |logger_until.py:Line17|Getting test result
2022-01-05 20:37:46|INFO  |logger_until.py:Line17|getting test result
2022-01-05 20:37:57|INFO  |logger_until.py:Line17|expected value: 123, actually_result: [('rgb(100, 128, 167)', ''), ('rgb(39, 75, 127)', ''), ('rgb(222, 235, 247)', ''), ('rgb(39, 75, 127)', ''), ('rgb(100, 128, 167)', ''), ('rgb(222, 235, 247)', ''), ('rgb(39, 75, 127)', ''), ('rgb(39, 75, 127)', ''), ('rgb(191, 208, 227)', ''), ('rgb(100, 128, 167)', ''), ('rgb(39, 75, 127)', ''), ('rgb(222, 235, 247)', ''), ('rgb(100, 128, 167)', ''), ('rgb(222, 235, 247)', ''), ('rgb(39, 75, 127)', ''), ('rgb(69, 101, 147)', ''), ('rgb(39, 75, 127)', ''), ('rgb(69, 101, 147)', '')]
2022-01-05 20:37:57|INFO  |logger_until.py:Line17|screenShot has been done in path
2022-01-05 20:37:57|ERROR |logger_until.py:Line20|<class 'AssertionError'>
NoneType: None
2022-01-05 20:38:04|INFO  |logger_until.py:Line17|===================values testing STEUP started==============================================
2022-01-05 20:38:17|INFO  |logger_until.py:Line17|login ESB with xingyang.han@essexlg.com
2022-01-05 20:38:20|INFO  |logger_until.py:Line17|Visit project AutomationTest
2022-01-05 20:38:21|INFO  |logger_until.py:Line17|visit dashboard: AutomationDashboard
2022-01-05 20:38:27|INFO  |logger_until.py:Line17|visit dashboard AutomationDashboard
2022-01-05 20:38:27|INFO  |logger_until.py:Line17|click on singleChartBody
2022-01-05 20:38:28|INFO  |logger_until.py:Line17|click on actiontool_edit_click btn
2022-01-05 20:38:30|INFO  |logger_until.py:Line17|click on Values section
2022-01-05 20:38:32|INFO  |logger_until.py:Line17|Starting test TC test_value_gradient_baseFunc
2022-01-05 20:38:32|INFO  |logger_until.py:Line17|click on Values dropdown
2022-01-05 20:38:33|INFO  |logger_until.py:Line17|click on options: sales_count(sum)
2022-01-05 20:38:33|DEBUG |logger_until.py:Line23|value options_aria_controls: fdc71b3c-fb5b-461e-e100-e2c0f54f60d4
2022-01-05 20:38:33|DEBUG |logger_until.py:Line23|values options: ['sales_count(sum)', 'target_count(sum)', 'sales_count/ amount(sum)']
2022-01-05 20:38:33|INFO  |logger_until.py:Line17|click on view As drop-down
2022-01-05 20:38:35|INFO  |logger_until.py:Line17|click on the options: Gradient Color
2022-01-05 20:38:35|DEBUG |logger_until.py:Line23|view as options_aria_controls: f9039fe2-001e-4290-df8c-b10ef2a493ad
2022-01-05 20:38:35|DEBUG |logger_until.py:Line23|values options: ['Bar', 'Indicator', 'Star Rate', 'Color Coding', 'Bullet', 'Value', 'Gradient Color']
2022-01-05 20:38:38|INFO  |logger_until.py:Line17|Getting test result
2022-01-05 20:38:38|INFO  |logger_until.py:Line17|getting test result
2022-01-05 20:38:49|INFO  |logger_until.py:Line17|expected value: 123, actually_result: [('rgb(100, 128, 167)', ''), ('rgb(39, 75, 127)', ''), ('rgb(222, 235, 247)', ''), ('rgb(39, 75, 127)', ''), ('rgb(100, 128, 167)', ''), ('rgb(222, 235, 247)', ''), ('rgb(39, 75, 127)', ''), ('rgb(39, 75, 127)', ''), ('rgb(191, 208, 227)', ''), ('rgb(100, 128, 167)', ''), ('rgb(39, 75, 127)', ''), ('rgb(222, 235, 247)', ''), ('rgb(100, 128, 167)', ''), ('rgb(222, 235, 247)', ''), ('rgb(39, 75, 127)', ''), ('rgb(69, 101, 147)', ''), ('rgb(39, 75, 127)', ''), ('rgb(69, 101, 147)', '')]
2022-01-05 20:38:49|INFO  |logger_until.py:Line17|screenShot has been done in path
2022-01-05 20:38:49|ERROR |logger_until.py:Line20|<class 'AssertionError'>
NoneType: None
2022-01-05 20:38:55|INFO  |logger_until.py:Line17|===================values testing STEUP started==============================================
2022-01-05 20:39:02|INFO  |logger_until.py:Line17|login ESB with xingyang.han@essexlg.com
2022-01-05 20:39:06|INFO  |logger_until.py:Line17|Visit project AutomationTest
2022-01-05 20:39:06|INFO  |logger_until.py:Line17|visit dashboard: AutomationDashboard
2022-01-05 20:39:11|INFO  |logger_until.py:Line17|visit dashboard AutomationDashboard
2022-01-05 20:39:11|INFO  |logger_until.py:Line17|click on singleChartBody
2022-01-05 20:39:12|INFO  |logger_until.py:Line17|click on actiontool_edit_click btn
2022-01-05 20:39:14|INFO  |logger_until.py:Line17|click on Values section
2022-01-05 20:39:16|INFO  |logger_until.py:Line17|Starting test TC test_value_gradient_baseFunc
2022-01-05 20:39:16|INFO  |logger_until.py:Line17|click on Values dropdown
2022-01-05 20:39:17|INFO  |logger_until.py:Line17|click on options: sales_count(sum)
2022-01-05 20:39:17|DEBUG |logger_until.py:Line23|value options_aria_controls: 21391523-217a-4042-be90-7aeae8c3e166
2022-01-05 20:39:17|DEBUG |logger_until.py:Line23|values options: ['sales_count(sum)', 'target_count(sum)', 'sales_count/ amount(sum)']
2022-01-05 20:39:17|INFO  |logger_until.py:Line17|click on view As drop-down
2022-01-05 20:39:18|INFO  |logger_until.py:Line17|click on the options: Gradient Color
2022-01-05 20:39:19|DEBUG |logger_until.py:Line23|view as options_aria_controls: 8c2708ca-53b8-4e46-d2a5-a3fcfd1abda5
2022-01-05 20:39:19|DEBUG |logger_until.py:Line23|values options: ['Bar', 'Indicator', 'Star Rate', 'Color Coding', 'Bullet', 'Value', 'Gradient Color']
2022-01-05 20:39:22|INFO  |logger_until.py:Line17|Getting test result
2022-01-05 20:39:22|INFO  |logger_until.py:Line17|getting test result
2022-01-05 20:39:33|INFO  |logger_until.py:Line17|expected value: 123, actually_result: [('rgb(100, 128, 167)', ''), ('rgb(39, 75, 127)', ''), ('rgb(222, 235, 247)', ''), ('rgb(39, 75, 127)', ''), ('rgb(100, 128, 167)', ''), ('rgb(222, 235, 247)', ''), ('rgb(39, 75, 127)', ''), ('rgb(39, 75, 127)', ''), ('rgb(191, 208, 227)', ''), ('rgb(100, 128, 167)', ''), ('rgb(39, 75, 127)', ''), ('rgb(222, 235, 247)', ''), ('rgb(100, 128, 167)', ''), ('rgb(222, 235, 247)', ''), ('rgb(39, 75, 127)', ''), ('rgb(69, 101, 147)', ''), ('rgb(39, 75, 127)', ''), ('rgb(69, 101, 147)', '')]
2022-01-05 20:39:33|INFO  |logger_until.py:Line17|screenShot has been done in path
2022-01-05 20:39:33|ERROR |logger_until.py:Line20|<class 'AssertionError'>
NoneType: None
2022-01-05 20:52:29|INFO  |logger_until.py:Line17|===================values testing STEUP started==============================================
2022-01-05 20:52:45|INFO  |logger_until.py:Line17|login ESB with xingyang.han@essexlg.com
2022-01-05 20:52:49|INFO  |logger_until.py:Line17|Visit project AutomationTest
2022-01-05 20:52:50|INFO  |logger_until.py:Line17|visit dashboard: AutomationDashboard
2022-01-05 20:52:56|INFO  |logger_until.py:Line17|visit dashboard AutomationDashboard
2022-01-05 20:52:56|INFO  |logger_until.py:Line17|click on singleChartBody
2022-01-05 20:52:56|INFO  |logger_until.py:Line17|click on actiontool_edit_click btn
2022-01-05 20:52:59|INFO  |logger_until.py:Line17|click on Values section
2022-01-05 20:53:01|INFO  |logger_until.py:Line17|Starting test TC test_value_columnBorder
2022-01-05 20:53:01|INFO  |logger_until.py:Line17|click on colimn border dropdown list
2022-01-05 20:53:22|ERROR |logger_until.py:Line20|exceptions must derive from BaseException
Traceback (most recent call last):
  File "/Users/xingyanghan/Desktop/work/ESB/EyeGuide_ESBAutomation/Common/dom_until.py", line 26, in findelements
    WebDriverWait(self.driver, timeout, timeseq).until(
  File "/Library/Frameworks/Python.framework/Versions/3.10/lib/python3.10/site-packages/selenium/webdriver/support/wait.py", line 80, in until
    raise TimeoutException(message, screen, stacktrace)
selenium.common.exceptions.TimeoutException: Message: 


During handling of the above exception, another exception occurred:

Traceback (most recent call last):
  File "/Users/xingyanghan/Desktop/work/ESB/EyeGuide_ESBAutomation/Components/Component/VisibilityLayer/Dashboard/Properties/values.py", line 1144, in column_border_options
    eles = self._findeles(css_eles)
  File "/Users/xingyanghan/Desktop/work/ESB/EyeGuide_ESBAutomation/Common/dom_until.py", line 42, in findelements
    raise (type(e), e)
TypeError: exceptions must derive from BaseException
